------------------------------------------------------------
Timing Analyzer Summary
------------------------------------------------------------

Type  : Slow 1200mV 85C Model Setup 'clk'
Slack : -2.023
TNS   : -22.395

Type  : Slow 1200mV 85C Model Setup 'start'
Slack : -0.293
TNS   : -2.386

Type  : Slow 1200mV 85C Model Hold 'start'
Slack : 0.559
TNS   : 0.000

Type  : Slow 1200mV 85C Model Hold 'clk'
Slack : 1.187
TNS   : 0.000

Type  : Slow 1200mV 85C Model Minimum Pulse Width 'clk'
Slack : -3.000
TNS   : -18.420

Type  : Slow 1200mV 85C Model Minimum Pulse Width 'start'
Slack : -3.000
TNS   : -18.420

Type  : Slow 1200mV 0C Model Setup 'clk'
Slack : -1.771
TNS   : -19.296

Type  : Slow 1200mV 0C Model Setup 'start'
Slack : -0.171
TNS   : -1.018

Type  : Slow 1200mV 0C Model Hold 'start'
Slack : 0.512
TNS   : 0.000

Type  : Slow 1200mV 0C Model Hold 'clk'
Slack : 1.063
TNS   : 0.000

Type  : Slow 1200mV 0C Model Minimum Pulse Width 'clk'
Slack : -3.000
TNS   : -18.420

Type  : Slow 1200mV 0C Model Minimum Pulse Width 'start'
Slack : -3.000
TNS   : -18.420

Type  : Fast 1200mV 0C Model Setup 'clk'
Slack : -0.484
TNS   : -4.665

Type  : Fast 1200mV 0C Model Setup 'start'
Slack : 0.358
TNS   : 0.000

Type  : Fast 1200mV 0C Model Hold 'start'
Slack : 0.222
TNS   : 0.000

Type  : Fast 1200mV 0C Model Hold 'clk'
Slack : 0.524
TNS   : 0.000

Type  : Fast 1200mV 0C Model Minimum Pulse Width 'clk'
Slack : -3.000
TNS   : -15.735

Type  : Fast 1200mV 0C Model Minimum Pulse Width 'start'
Slack : -3.000
TNS   : -15.735

------------------------------------------------------------
